----------------------------------------------------------------------------------------------------------------------------------------------
LABELS:: 
 tensor([[[0, 0, 0, 0, 0, 0, 0, 1, 0, 0]],

        [[0, 0, 1, 0, 0, 0, 0, 0, 0, 0]],

        [[0, 1, 0, 0, 0, 0, 0, 0, 0, 0]],

        [[1, 0, 0, 0, 0, 0, 0, 0, 0, 0]],

        [[0, 0, 0, 0, 1, 0, 0, 0, 0, 0]],

        [[0, 1, 0, 0, 0, 0, 0, 0, 0, 0]],

        [[0, 0, 0, 0, 1, 0, 0, 0, 0, 0]],

        [[0, 0, 0, 0, 0, 0, 0, 0, 0, 1]],

        [[0, 0, 0, 0, 0, 1, 0, 0, 0, 0]],

        [[0, 0, 0, 0, 0, 0, 0, 0, 0, 1]],

        [[1, 0, 0, 0, 0, 0, 0, 0, 0, 0]],

        [[0, 0, 0, 0, 0, 0, 1, 0, 0, 0]],

        [[0, 0, 0, 0, 0, 0, 0, 0, 0, 1]],

        [[1, 0, 0, 0, 0, 0, 0, 0, 0, 0]],

        [[0, 1, 0, 0, 0, 0, 0, 0, 0, 0]],

        [[0, 0, 0, 0, 0, 1, 0, 0, 0, 0]],

        [[0, 0, 0, 0, 0, 0, 0, 0, 0, 1]],

        [[0, 0, 0, 0, 0, 0, 0, 1, 0, 0]],

        [[0, 0, 0, 1, 0, 0, 0, 0, 0, 0]],

        [[0, 0, 0, 0, 1, 0, 0, 0, 0, 0]],

        [[0, 0, 0, 0, 0, 0, 0, 0, 0, 1]],

        [[0, 0, 0, 0, 0, 0, 1, 0, 0, 0]],

        [[0, 0, 0, 0, 0, 0, 1, 0, 0, 0]],

        [[0, 0, 0, 0, 0, 1, 0, 0, 0, 0]],

        [[0, 0, 0, 0, 1, 0, 0, 0, 0, 0]],

        [[1, 0, 0, 0, 0, 0, 0, 0, 0, 0]],

        [[0, 0, 0, 0, 0, 0, 0, 1, 0, 0]],

        [[0, 0, 0, 0, 1, 0, 0, 0, 0, 0]],

        [[1, 0, 0, 0, 0, 0, 0, 0, 0, 0]],

        [[0, 1, 0, 0, 0, 0, 0, 0, 0, 0]],

        [[0, 0, 0, 1, 0, 0, 0, 0, 0, 0]],

        [[0, 1, 0, 0, 0, 0, 0, 0, 0, 0]]]) 

PREDICTIONS:: 
 tensor([[9.9347e-01, 6.7491e-04, 0.0000e+00, 4.7244e-03, 0.0000e+00, 1.0934e-01,
         1.4173e-02, 0.0000e+00, 0.0000e+00, 2.9021e-02],
        [9.9353e-01, 1.3517e-03, 1.3517e-03, 4.0552e-03, 0.0000e+00, 1.0881e-01,
         1.4193e-02, 0.0000e+00, 0.0000e+00, 2.9062e-02],
        [9.9357e-01, 0.0000e+00, 6.7452e-04, 4.0471e-03, 0.0000e+00, 1.0860e-01,
         1.4165e-02, 0.0000e+00, 6.7452e-04, 2.8330e-02],
        [9.9352e-01, 1.3517e-03, 6.7587e-04, 4.7311e-03, 1.3517e-03, 1.0881e-01,
         1.4193e-02, 0.0000e+00, 0.0000e+00, 2.9062e-02],
        [9.9343e-01, 0.0000e+00, 2.0274e-03, 4.7306e-03, 0.0000e+00, 1.0948e-01,
         1.4192e-02, 0.0000e+00, 0.0000e+00, 2.9735e-02],
        [9.9357e-01, 0.0000e+00, 6.7452e-04, 4.0471e-03, 0.0000e+00, 1.0860e-01,
         1.4165e-02, 0.0000e+00, 6.7452e-04, 2.8330e-02],
        [9.9352e-01, 0.0000e+00, 2.0276e-03, 4.7311e-03, 0.0000e+00, 1.0881e-01,
         1.4193e-02, 0.0000e+00, 6.7587e-04, 2.9062e-02],
        [9.9354e-01, 6.7496e-04, 6.7496e-04, 4.0498e-03, 0.0000e+00, 1.0867e-01,
         1.4174e-02, 0.0000e+00, 1.3499e-03, 2.9023e-02],
        [9.9342e-01, 2.7106e-03, 2.0329e-03, 4.7435e-03, 0.0000e+00, 1.0978e-01,
         1.3553e-02, 6.7764e-04, 0.0000e+00, 2.9138e-02],
        [9.9353e-01, 2.0290e-03, 0.0000e+00, 4.7343e-03, 2.0290e-03, 1.0889e-01,
         1.4203e-02, 0.0000e+00, 6.7633e-04, 2.8406e-02],
        [9.9352e-01, 1.3517e-03, 0.0000e+00, 5.4069e-03, 1.3517e-03, 1.0881e-01,
         1.4193e-02, 0.0000e+00, 0.0000e+00, 2.9062e-02],
        [9.9347e-01, 0.0000e+00, 6.7491e-04, 4.7244e-03, 0.0000e+00, 1.0934e-01,
         1.4173e-02, 0.0000e+00, 0.0000e+00, 2.9021e-02],
        [9.9346e-01, 2.0275e-03, 0.0000e+00, 4.7308e-03, 6.7582e-04, 1.0948e-01,
         1.3516e-02, 0.0000e+00, 6.7582e-04, 2.9060e-02],
        [9.9354e-01, 0.0000e+00, 6.7496e-04, 4.7247e-03, 1.3499e-03, 1.0867e-01,
         1.4174e-02, 0.0000e+00, 0.0000e+00, 2.9023e-02],
        [9.9358e-01, 0.0000e+00, 0.0000e+00, 4.0444e-03, 0.0000e+00, 1.0853e-01,
         1.4155e-02, 0.0000e+00, 6.7407e-04, 2.8311e-02],
        [9.9352e-01, 1.3517e-03, 0.0000e+00, 5.4069e-03, 1.3517e-03, 1.0881e-01,
         1.4193e-02, 0.0000e+00, 0.0000e+00, 2.9062e-02],
        [9.9346e-01, 1.3516e-03, 6.7582e-04, 4.7308e-03, 0.0000e+00, 1.0948e-01,
         1.3516e-02, 6.7582e-04, 0.0000e+00, 2.9060e-02],
        [9.9354e-01, 6.7496e-04, 0.0000e+00, 4.7247e-03, 0.0000e+00, 1.0867e-01,
         1.4174e-02, 0.0000e+00, 6.7496e-04, 2.9023e-02],
        [9.9353e-01, 1.3517e-03, 1.3517e-03, 4.0552e-03, 1.3517e-03, 1.0882e-01,
         1.3517e-02, 0.0000e+00, 6.7587e-04, 2.9063e-02],
        [9.9354e-01, 0.0000e+00, 6.7496e-04, 4.7247e-03, 1.3499e-03, 1.0867e-01,
         1.4174e-02, 0.0000e+00, 0.0000e+00, 2.9023e-02],
        [9.9352e-01, 1.3517e-03, 6.7587e-04, 4.7311e-03, 1.3517e-03, 1.0881e-01,
         1.4193e-02, 0.0000e+00, 0.0000e+00, 2.9062e-02],
        [9.9358e-01, 0.0000e+00, 6.7499e-04, 4.7249e-03, 0.0000e+00, 1.0800e-01,
         1.4850e-02, 0.0000e+00, 6.7499e-04, 2.9700e-02],
        [9.9354e-01, 6.7496e-04, 6.7496e-04, 4.0498e-03, 0.0000e+00, 1.0867e-01,
         1.4174e-02, 0.0000e+00, 0.0000e+00, 2.9023e-02],
        [9.9351e-01, 2.0290e-03, 6.7632e-04, 4.7342e-03, 1.3526e-03, 1.0889e-01,
         1.4203e-02, 0.0000e+00, 0.0000e+00, 2.9082e-02],
        [9.9344e-01, 6.7535e-04, 6.7535e-04, 4.7275e-03, 0.0000e+00, 1.0941e-01,
         1.4182e-02, 0.0000e+00, 0.0000e+00, 2.9715e-02],
        [9.9331e-01, 3.3901e-03, 1.3561e-03, 4.7462e-03, 2.0341e-03, 1.1052e-01,
         1.3561e-02, 0.0000e+00, 0.0000e+00, 2.9833e-02],
        [9.9361e-01, 0.0000e+00, 6.7501e-04, 4.7251e-03, 1.3500e-03, 1.0800e-01,
         1.4175e-02, 0.0000e+00, 6.7501e-04, 2.9025e-02],
        [9.9352e-01, 1.3517e-03, 6.7587e-04, 4.7311e-03, 1.3517e-03, 1.0881e-01,
         1.4193e-02, 0.0000e+00, 0.0000e+00, 2.9062e-02],
        [9.9352e-01, 6.7587e-04, 2.0276e-03, 4.0552e-03, 1.3517e-03, 1.0881e-01,
         1.4193e-02, 0.0000e+00, 0.0000e+00, 2.9062e-02],
        [9.9355e-01, 0.0000e+00, 6.7451e-04, 4.0471e-03, 0.0000e+00, 1.0860e-01,
         1.4165e-02, 0.0000e+00, 0.0000e+00, 2.9004e-02],
        [9.9360e-01, 1.3518e-03, 6.7591e-04, 4.7314e-03, 1.3518e-03, 1.0815e-01,
         1.4194e-02, 0.0000e+00, 6.7591e-04, 2.9064e-02],
        [9.9356e-01, 6.7497e-04, 0.0000e+00, 4.7248e-03, 0.0000e+00, 1.0867e-01,
         1.4174e-02, 0.0000e+00, 6.7497e-04, 2.8349e-02]]) 

IS PREDICTIONS CORRECT:: 
 tensor([[[False, False,  True,  ..., False,  True, False],
         [False, False, False,  ..., False,  True, False],
         [False,  True, False,  ..., False, False, False],
         ...,
         [False,  True, False,  ..., False,  True, False],
         [False, False, False,  ..., False, False, False],
         [False, False,  True,  ..., False, False, False]],

        [[False, False, False,  ...,  True,  True, False],
         [False, False, False,  ...,  True,  True, False],
         [False,  True, False,  ...,  True, False, False],
         ...,
         [False,  True, False,  ...,  True,  True, False],
         [False, False, False,  ...,  True, False, False],
         [False, False, False,  ...,  True, False, False]],

        [[False, False,  True,  ...,  True,  True, False],
         [False, False, False,  ...,  True,  True, False],
         [False, False, False,  ...,  True, False, False],
         ...,
         [False, False, False,  ...,  True,  True, False],
         [False, False, False,  ...,  True, False, False],
         [False, False,  True,  ...,  True, False, False]],

        ...,

        [[False, False,  True,  ...,  True,  True, False],
         [False, False, False,  ...,  True,  True, False],
         [False, False, False,  ...,  True, False, False],
         ...,
         [False, False, False,  ...,  True,  True, False],
         [False, False, False,  ...,  True, False, False],
         [False, False,  True,  ...,  True, False, False]],

        [[False, False,  True,  ...,  True,  True, False],
         [False, False, False,  ...,  True,  True, False],
         [False,  True, False,  ...,  True, False, False],
         ...,
         [False,  True, False,  ...,  True,  True, False],
         [False, False, False,  ...,  True, False, False],
         [False, False,  True,  ...,  True, False, False]],

        [[False, False,  True,  ...,  True,  True, False],
         [False, False, False,  ...,  True,  True, False],
         [False, False, False,  ...,  True, False, False],
         ...,
         [False, False, False,  ...,  True,  True, False],
         [False, False, False,  ...,  True, False, False],
         [False, False,  True,  ...,  True, False, False]]]) 

----------------------------------------------------------------------------------------------------------------------------------------------
LABELS:: 
 tensor([[[0, 0, 0, 1, 0, 0, 0, 0, 0, 0]],

        [[0, 0, 0, 0, 1, 0, 0, 0, 0, 0]],

        [[0, 0, 0, 0, 0, 0, 0, 1, 0, 0]],

        [[0, 0, 1, 0, 0, 0, 0, 0, 0, 0]],

        [[0, 0, 0, 0, 0, 0, 0, 1, 0, 0]],

        [[0, 1, 0, 0, 0, 0, 0, 0, 0, 0]],

        [[0, 0, 1, 0, 0, 0, 0, 0, 0, 0]],

        [[0, 1, 0, 0, 0, 0, 0, 0, 0, 0]],

        [[0, 1, 0, 0, 0, 0, 0, 0, 0, 0]],

        [[0, 0, 0, 0, 0, 0, 0, 1, 0, 0]],

        [[0, 0, 0, 0, 1, 0, 0, 0, 0, 0]],

        [[0, 0, 1, 0, 0, 0, 0, 0, 0, 0]],

        [[0, 0, 0, 1, 0, 0, 0, 0, 0, 0]],

        [[0, 0, 0, 0, 0, 1, 0, 0, 0, 0]],

        [[0, 1, 0, 0, 0, 0, 0, 0, 0, 0]],

        [[0, 0, 1, 0, 0, 0, 0, 0, 0, 0]],

        [[0, 0, 0, 0, 1, 0, 0, 0, 0, 0]],

        [[0, 0, 0, 0, 1, 0, 0, 0, 0, 0]],

        [[0, 0, 0, 0, 0, 0, 1, 0, 0, 0]],

        [[0, 0, 0, 1, 0, 0, 0, 0, 0, 0]],

        [[0, 0, 0, 0, 0, 1, 0, 0, 0, 0]],

        [[0, 0, 0, 0, 0, 1, 0, 0, 0, 0]],

        [[0, 0, 0, 0, 0, 0, 1, 0, 0, 0]],

        [[1, 0, 0, 0, 0, 0, 0, 0, 0, 0]],

        [[0, 0, 0, 0, 1, 0, 0, 0, 0, 0]],

        [[0, 1, 0, 0, 0, 0, 0, 0, 0, 0]],

        [[0, 0, 0, 0, 0, 0, 0, 0, 0, 1]],

        [[0, 0, 0, 0, 0, 1, 0, 0, 0, 0]],

        [[0, 0, 0, 0, 0, 0, 0, 1, 0, 0]],

        [[0, 0, 0, 0, 0, 0, 0, 0, 1, 0]],

        [[0, 0, 0, 0, 0, 0, 0, 0, 0, 1]],

        [[0, 0, 0, 1, 0, 0, 0, 0, 0, 0]]]) 

PREDICTIONS:: 
 tensor([[9.9344e-01, 6.7627e-04, 1.3525e-03, 4.7339e-03, 6.7627e-04, 1.0956e-01,
         1.4202e-02, 0.0000e+00, 6.7627e-04, 2.9080e-02],
        [9.9352e-01, 1.3517e-03, 0.0000e+00, 5.4069e-03, 1.3517e-03, 1.0881e-01,
         1.4193e-02, 0.0000e+00, 0.0000e+00, 2.9062e-02],
        [9.9358e-01, 2.0291e-03, 0.0000e+00, 4.7345e-03, 6.7636e-04, 1.0822e-01,
         1.4880e-02, 0.0000e+00, 6.7636e-04, 2.9084e-02],
        [9.9352e-01, 1.3517e-03, 0.0000e+00, 5.4069e-03, 0.0000e+00, 1.0881e-01,
         1.4193e-02, 6.7586e-04, 0.0000e+00, 2.9062e-02],
        [9.9354e-01, 0.0000e+00, 0.0000e+00, 5.3997e-03, 0.0000e+00, 1.0867e-01,
         1.4174e-02, 0.0000e+00, 6.7496e-04, 2.9023e-02],
        [9.9356e-01, 0.0000e+00, 0.0000e+00, 4.0444e-03, 0.0000e+00, 1.0852e-01,
         1.4155e-02, 0.0000e+00, 0.0000e+00, 2.8985e-02],
        [9.9352e-01, 2.0276e-03, 0.0000e+00, 4.7311e-03, 0.0000e+00, 1.0881e-01,
         1.4193e-02, 0.0000e+00, 6.7587e-04, 2.9062e-02],
        [9.9356e-01, 0.0000e+00, 0.0000e+00, 4.0444e-03, 0.0000e+00, 1.0852e-01,
         1.4155e-02, 0.0000e+00, 0.0000e+00, 2.8985e-02],
        [9.9356e-01, 0.0000e+00, 0.0000e+00, 4.0444e-03, 0.0000e+00, 1.0852e-01,
         1.4155e-02, 0.0000e+00, 0.0000e+00, 2.8985e-02],
        [9.9354e-01, 6.7496e-04, 0.0000e+00, 4.7247e-03, 6.7496e-04, 1.0867e-01,
         1.4174e-02, 0.0000e+00, 0.0000e+00, 2.9023e-02],
        [9.9346e-01, 1.3507e-03, 6.7536e-04, 4.0522e-03, 0.0000e+00, 1.0941e-01,
         1.4183e-02, 0.0000e+00, 0.0000e+00, 2.9041e-02],
        [9.9352e-01, 2.0276e-03, 0.0000e+00, 4.7311e-03, 0.0000e+00, 1.0881e-01,
         1.4193e-02, 0.0000e+00, 6.7587e-04, 2.9062e-02],
        [9.9352e-01, 2.0345e-03, 1.3563e-03, 5.4253e-03, 1.3563e-03, 1.0851e-01,
         1.4920e-02, 0.0000e+00, 6.7817e-04, 2.9839e-02],
        [9.9355e-01, 6.7497e-04, 0.0000e+00, 4.7248e-03, 1.3499e-03, 1.0867e-01,
         1.3499e-02, 6.7497e-04, 0.0000e+00, 2.9024e-02],
        [9.9350e-01, 0.0000e+00, 2.0276e-03, 4.7310e-03, 6.7585e-04, 1.0881e-01,
         1.4193e-02, 0.0000e+00, 0.0000e+00, 2.9737e-02],
        [9.9357e-01, 0.0000e+00, 0.0000e+00, 4.7216e-03, 0.0000e+00, 1.0860e-01,
         1.4165e-02, 0.0000e+00, 6.7452e-04, 2.8330e-02],
        [9.9352e-01, 1.3517e-03, 6.7587e-04, 4.7311e-03, 1.3517e-03, 1.0881e-01,
         1.4193e-02, 0.0000e+00, 0.0000e+00, 2.9062e-02],
        [9.9352e-01, 1.3517e-03, 6.7587e-04, 4.7311e-03, 0.0000e+00, 1.0881e-01,
         1.4193e-02, 6.7587e-04, 0.0000e+00, 2.9062e-02],
        [9.9347e-01, 6.7491e-04, 6.7491e-04, 4.0495e-03, 0.0000e+00, 1.0934e-01,
         1.4173e-02, 0.0000e+00, 0.0000e+00, 2.9021e-02],
        [9.9352e-01, 1.3517e-03, 0.0000e+00, 4.7311e-03, 6.7587e-04, 1.0881e-01,
         1.4193e-02, 0.0000e+00, 6.7587e-04, 2.9062e-02],
        [9.9352e-01, 1.3517e-03, 6.7587e-04, 4.7311e-03, 1.3517e-03, 1.0881e-01,
         1.4193e-02, 0.0000e+00, 0.0000e+00, 2.9062e-02],
        [9.9354e-01, 0.0000e+00, 0.0000e+00, 5.3997e-03, 0.0000e+00, 1.0867e-01,
         1.4174e-02, 0.0000e+00, 6.7496e-04, 2.9023e-02],
        [9.9345e-01, 6.7581e-04, 6.7581e-04, 5.4065e-03, 0.0000e+00, 1.0948e-01,
         1.4192e-02, 0.0000e+00, 0.0000e+00, 2.9060e-02],
        [9.9352e-01, 1.3517e-03, 1.3517e-03, 4.0552e-03, 1.3517e-03, 1.0881e-01,
         1.4193e-02, 0.0000e+00, 0.0000e+00, 2.9062e-02],
        [9.9352e-01, 1.3517e-03, 1.3517e-03, 4.0552e-03, 1.3517e-03, 1.0881e-01,
         1.4193e-02, 0.0000e+00, 0.0000e+00, 2.9062e-02],
        [9.9358e-01, 0.0000e+00, 0.0000e+00, 4.0444e-03, 0.0000e+00, 1.0853e-01,
         1.4155e-02, 0.0000e+00, 6.7407e-04, 2.8311e-02],
        [9.9352e-01, 1.3517e-03, 1.3517e-03, 4.0552e-03, 1.3517e-03, 1.0881e-01,
         1.4193e-02, 0.0000e+00, 0.0000e+00, 2.9062e-02],
        [9.9347e-01, 6.7491e-04, 0.0000e+00, 4.7244e-03, 0.0000e+00, 1.0934e-01,
         1.4173e-02, 0.0000e+00, 6.7491e-04, 2.9021e-02],
        [9.9354e-01, 0.0000e+00, 6.7496e-04, 4.7247e-03, 1.3499e-03, 1.0867e-01,
         1.4174e-02, 0.0000e+00, 0.0000e+00, 2.9023e-02],
        [9.9359e-01, 1.3518e-03, 0.0000e+00, 4.7314e-03, 6.7591e-04, 1.0815e-01,
         1.4870e-02, 0.0000e+00, 1.3518e-03, 2.9064e-02],
        [9.9346e-01, 0.0000e+00, 1.3498e-03, 4.0494e-03, 6.7491e-04, 1.0933e-01,
         1.3498e-02, 0.0000e+00, 0.0000e+00, 2.9696e-02],
        [9.9358e-01, 1.3518e-03, 0.0000e+00, 5.4073e-03, 0.0000e+00, 1.0815e-01,
         1.4870e-02, 0.0000e+00, 6.7591e-04, 2.9064e-02]]) 

IS PREDICTIONS CORRECT:: 
 tensor([[[False, False, False,  ...,  True, False, False],
         [False, False,  True,  ...,  True,  True, False],
         [False, False,  True,  ...,  True, False, False],
         ...,
         [False, False,  True,  ...,  True, False, False],
         [False,  True, False,  ...,  True,  True, False],
         [False, False,  True,  ...,  True, False, False]],

        [[False, False, False,  ...,  True, False, False],
         [False, False,  True,  ...,  True,  True, False],
         [False, False,  True,  ...,  True, False, False],
         ...,
         [False, False,  True,  ...,  True, False, False],
         [False,  True, False,  ...,  True,  True, False],
         [False, False,  True,  ...,  True, False, False]],

        [[False, False, False,  ..., False, False, False],
         [False, False,  True,  ..., False,  True, False],
         [False, False,  True,  ..., False, False, False],
         ...,
         [False, False,  True,  ..., False, False, False],
         [False,  True, False,  ..., False,  True, False],
         [False, False,  True,  ..., False, False, False]],

        ...,

        [[False, False, False,  ...,  True, False, False],
         [False, False,  True,  ...,  True, False, False],
         [False, False,  True,  ...,  True, False, False],
         ...,
         [False, False,  True,  ...,  True, False, False],
         [False,  True, False,  ...,  True, False, False],
         [False, False,  True,  ...,  True, False, False]],

        [[False, False, False,  ...,  True, False, False],
         [False, False,  True,  ...,  True,  True, False],
         [False, False,  True,  ...,  True, False, False],
         ...,
         [False, False,  True,  ...,  True, False, False],
         [False,  True, False,  ...,  True,  True, False],
         [False, False,  True,  ...,  True, False, False]],

        [[False, False, False,  ...,  True, False, False],
         [False, False,  True,  ...,  True,  True, False],
         [False, False,  True,  ...,  True, False, False],
         ...,
         [False, False,  True,  ...,  True, False, False],
         [False,  True, False,  ...,  True,  True, False],
         [False, False,  True,  ...,  True, False, False]]]) 

